src/app/(platform)/competitions/[competitionKey]/seasons/[seasonLabel]/CompetitionSeasonSurface.tsx(321,23): error TS2322: Type '{ children: string; tone: string; }' is not assignable to type 'IntrinsicAttributes & { children: ReactNode; className?: string | undefined; }'.
  Property 'tone' does not exist on type 'IntrinsicAttributes & { children: ReactNode; className?: string | undefined; }'.
src/app/(platform)/competitions/[competitionKey]/seasons/[seasonLabel]/CompetitionSeasonSurface.tsx(370,23): error TS2322: Type '{ children: string; tone: string; }' is not assignable to type 'IntrinsicAttributes & { children: ReactNode; className?: string | undefined; }'.
  Property 'tone' does not exist on type 'IntrinsicAttributes & { children: ReactNode; className?: string | undefined; }'.
src/app/(platform)/competitions/[competitionKey]/seasons/[seasonLabel]/CompetitionSeasonSurface.tsx(1617,6): error TS2322: Type '{ children: (Element | null)[]; context: CompetitionSeasonContext; heroSummary: Element; navItems: { href: string; isActive: boolean; key: string; label: string; }[]; routeCards: { ...; }[]; tags: string[]; }' is not assignable to type 'IntrinsicAttributes & CompetitionSeasonSurfaceShellProps'.
  Property 'children' does not exist on type 'IntrinsicAttributes & CompetitionSeasonSurfaceShellProps'.
src/app/(platform)/competitions/[competitionKey]/seasons/[seasonLabel]/CompetitionSeasonSurface.tsx(1684,6): error TS2322: Type '{ children: (Element | null)[]; context: CompetitionSeasonContext; heroSummary: Element; navItems: { href: string; isActive: boolean; key: string; label: string; }[]; routeCards: { ...; }[]; tags: string[]; }' is not assignable to type 'IntrinsicAttributes & CompetitionSeasonSurfaceShellProps'.
  Property 'children' does not exist on type 'IntrinsicAttributes & CompetitionSeasonSurfaceShellProps'.
src/app/(platform)/competitions/[competitionKey]/seasons/[seasonLabel]/CompetitionSeasonSurface.tsx(1753,6): error TS2322: Type '{ children: (Element | null)[]; context: CompetitionSeasonContext; heroSummary: Element; navItems: { href: string; isActive: boolean; key: string; label: string; }[]; routeCards: { ...; }[]; tags: string[]; }' is not assignable to type 'IntrinsicAttributes & CompetitionSeasonSurfaceShellProps'.
  Property 'children' does not exist on type 'IntrinsicAttributes & CompetitionSeasonSurfaceShellProps'.
src/app/(platform)/competitions/[competitionKey]/seasons/[seasonLabel]/CompetitionSeasonSurface.tsx(1822,8): error TS2322: Type '{ children: Element; context: CompetitionSeasonContext; heroDescription: string; heroEyebrow: string; navItems: { href: string; isActive: true; key: string; label: string; }[]; routeCards: { ...; }[]; tags: string[]; }' is not assignable to type 'IntrinsicAttributes & CompetitionSeasonSurfaceShellProps'.
  Property 'children' does not exist on type 'IntrinsicAttributes & CompetitionSeasonSurfaceShellProps'.
